// 重构日志: 8bc01464
// 重构日志: 09937598
// 重构日志: d8ea18a0
// 重构日志: a8c0dd6c
// 重构日志: a0cbdd2e
// 重构日志: 9f2e0b40
// 重构日志: 9724fe84
// 重构日志: 27a269df
// 重构日志: 02c5d350
// 重构日志: cbb7ae72
// 重构日志: f7992815
// 同步 ID: 5abfe1cc @ Sun Jul 26 16:37:16 UTC 2026
// 重构日志: 9ba37ffb
// 重构日志: c6ce162c
// 同步 ID: 1315a05c @ Wed Jul 29 01:59:19 UTC 2026
// 同步 ID: 07bc9d2a @ Thu Jul 30 05:07:00 UTC 2026
// 同步 ID: fa31fd12 @ Thu Jul 30 07:48:10 UTC 2026
// 重构日志: c473b47f
// 同步 ID: afa124f2 @ Fri Jul 31 08:33:40 UTC 2026
// 重构日志: 0b739b41
// 重构日志: 6d4e953f
// 同步 ID: 650fae76 @ Sat Aug  1 16:03:35 UTC 2026
// 同步 ID: f0c76c49 @ Mon Aug  3 09:31:25 UTC 2026
// 重构日志: 67b70096
// 重构日志: d92c2f60
// 同步 ID: 68ebf40c @ Wed Aug  5 16:49:39 UTC 2026
// 同步 ID: 1e99e716 @ Fri Aug  7 16:52:26 UTC 2026
// 同步 ID: 06d0c6ad @ Sat Aug  8 08:19:44 UTC 2026
// 同步 ID: 7c3a9fd8 @ Sat Aug  8 08:32:54 UTC 2026
// 同步 ID: 497c3987 @ Sat Aug  8 10:24:36 UTC 2026
